// Jest Snapshot v1, https://goo.gl/fbAQLP

exports[`Nav compnent matches snapshot 1`] = `
<DocumentFragment>
  <header>
    <h2>
      <a
        aria-label="title"
        data-testid="link"
        href="/"
      >
         Bluestrawberry
      </a>
       
    </h2>
    <nav>
      <ul
        class="flex"
        id="nav-links"
      >
        <li>
          <a
            data-testid="about"
            href="#about"
          >
            About
          </a>
        </li>
        <li>
          <span>
            Contact
          </span>
        </li>
        <li
          class="series-link false"
        >
          <span>
            Volume-one
          </span>
        </li>
      </ul>
    </nav>
  </header>
</DocumentFragment>
`;
